Print.h:43:5:Print::Print()	16	static
Stream.h:53:5:Stream::Stream()	16	static
SerialClass.h:9:2:SerialClass::SerialClass(UART_HandleTypeDef*)	16	static
avrpins.h:1282:1:static void P9::SetDirRead()	8	static
avrpins.h:1283:1:static void P10::Set()	8	static
avrpins.h:1283:1:static void P10::Clear()	8	static
avrpins.h:1283:1:static void P10::SetDirWrite()	8	static
BTD.h:513:14:void BTD::pairWithHID()	16	static
BTHID.h:91:14:void BTHID::pair()	16	static
BTHID.h:121:14:virtual void BTHID::onInit()	16	static
BTHID.h:141:22:virtual void BTHID::ParseBTHIDControlData(uint8_t, uint8_t*)	24	static
PS4Parser.h:127:9:PS4Parser::PS4Parser()	16	static
PS4Parser.h:285:14:void PS4Parser::setRumbleOff()	16	static
PS4Parser.h:293:14:void PS4Parser::setRumbleOn(RumbleEnum)	16	static
PS4Parser.h:305:14:void PS4Parser::setRumbleOn(uint8_t, uint8_t)	16	static
PS4Parser.h:320:14:void PS4Parser::setLed(uint8_t, uint8_t, uint8_t)	16	static
PS4Parser.h:331:14:void PS4Parser::setLed(ColorsEnum)	16	static
PS4BT.h:36:9:PS4BT::PS4BT(BTD*, bool, const char*)	24	static
PS4BT.h:45:14:bool PS4BT::connected()	16	static
PS4BT.h:56:22:virtual void PS4BT::ParseBTHIDData(uint8_t, uint8_t*)	24	static
PS4BT.h:65:22:virtual void PS4BT::OnInitBTHID()	16	static
PS4BT.h:73:22:virtual void PS4BT::ResetBTHID()	16	static
PS4BT.h:79:22:virtual void PS4BT::sendOutputReport(PS4Output*)	96	static
PS4BT.h:107:14:void PS4BT::enable_sixaxis()	24	static
PS4BT.h:115:14:void PS4BT::HID_Command(uint8_t*, uint8_t)	40	static
main.cpp:269:5:int main()	8	static
main.cpp:393:6:void SystemClock_Config()	184	static
main.cpp:445:13:void MX_TIM14_Init()	8	static
main.cpp:475:13:void MX_I2C1_Init()	8	static
main.cpp:509:13:void MX_SPI1_Init()	8	static
main.cpp:547:13:void MX_USART2_UART_Init()	8	static
main.cpp:580:13:void MX_GPIO_Init()	48	static
main.cpp:616:6:void ProcessKeyCodeInContext(uint8_t)	16	static
main.cpp:649:6:void StartGetLatencies(void*)	16	static
main.cpp:691:6:void StartGetBT(void*)	16	static
main.cpp:956:6:void StartSendUSB(void*)	16	static
main.cpp:993:6:void StartControllerJoin(void*)	16	static
main.cpp:1017:6:void StartButtonPress(void*)	24	static
main.cpp:1054:6:void StartUpdateLCD(void*)	24	static
main.cpp:1148:6:void HAL_TIM_PeriodElapsedCallback(TIM_HandleTypeDef*)	16	static
main.cpp:1164:6:void Error_Handler()	8	static,ignoring_inline_asm
usbhost.h:422:8:int8_t MAX3421e<SPI_SS, INTR>::Init() [with SPI_SS = P10; INTR = P9]	16	static
usbhost.h:57:21:static void SPi<SPI_CLK, SPI_MOSI, SPI_MISO, SPI_SS>::init() [with SPI_CLK = P13; SPI_MOSI = P11; SPI_MISO = P12; SPI_SS = P10]	4	static
usbhost.h:177:6:void MAX3421e<SPI_SS, INTR>::regWr(uint8_t, uint8_t) [with SPI_SS = P10; INTR = P9]	24	static
usbhost.h:408:10:uint16_t MAX3421e<SPI_SS, INTR>::reset() [with SPI_SS = P10; INTR = P9]	24	static
usbhost.h:278:9:uint8_t MAX3421e<SPI_SS, INTR>::regRd(uint8_t) [with SPI_SS = P10; INTR = P9]	24	static
usbhost.h:503:6:void MAX3421e<SPI_SS, INTR>::busprobe() [with SPI_SS = P10; INTR = P9]	24	static
main.cpp:1174:1:void __static_initialization_and_destruction_0(int, int)	16	static
main.cpp:1174:1:cpp)	8	static
