BTHID.h:121:14:virtual void BTHID::onInit()	8	static
BTHID.h:141:22:virtual void BTHID::ParseBTHIDControlData(uint8_t, uint8_t*)	0	static
main.cpp:911:6:void StartControllerJoin(void*)	8	static
main.cpp:878:6:void StartSendUSB(void*)	8	static
main.cpp:972:6:void StartUpdateLCD(void*)	8	static
PS4BT.h:73:22:virtual void PS4BT::ResetBTHID()	8	static
PS4BT.h:79:22:virtual void PS4BT::sendOutputReport(PS4Output*)	104	static
PS4BT.h:65:22:virtual void PS4BT::OnInitBTHID()	24	static
PS4BT.h:56:22:virtual void PS4BT::ParseBTHIDData(uint8_t, uint8_t*)	8	static
PS4BT.h:79:22:virtual void PS4BT::_ZThn120_N5PS4BT16sendOutputReportEP9PS4Output(PS4Output*)	104	static
main.cpp:600:6:void ProcessKeyCodeInContext(uint8_t)	8	static
main.cpp:935:6:void StartButtonPress(void*)	8	static
main.cpp:1021:6:void HAL_TIM_PeriodElapsedCallback(TIM_HandleTypeDef*)	8	static
main.cpp:1037:6:void Error_Handler()	8	static,ignoring_inline_asm
main.cpp:377:6:void SystemClock_Config()	184	static
main.cpp:256:5:int main()	48	static
usbhost.h:177:6:void MAX3421e<SPI_SS, INTR>::regWr(uint8_t, uint8_t) [with SPI_SS = P10; INTR = P9]	24	static
usbhost.h:278:9:uint8_t MAX3421e<SPI_SS, INTR>::regRd(uint8_t) [with SPI_SS = P10; INTR = P9]	32	static
usbhost.h:503:6:void MAX3421e<SPI_SS, INTR>::busprobe() [with SPI_SS = P10; INTR = P9]	8	static
usbhost.h:422:8:int8_t MAX3421e<SPI_SS, INTR>::Init() [with SPI_SS = P10; INTR = P9]	24	static
main.cpp:626:6:void StartGetBT(void*)	8	static
main.cpp:1047:1:cpp)	16	static
