../Core/Src/main.c:118:5:main	8	static
../Core/Src/main.c:212:6:SystemClock_Config	184	static
../Core/Src/main.c:264:13:MX_I2C1_Init	8	static
../Core/Src/main.c:298:13:MX_SPI1_Init	8	static
../Core/Src/main.c:336:13:MX_TIM14_Init	8	static
../Core/Src/main.c:367:13:MX_USART2_UART_Init	8	static
../Core/Src/main.c:400:13:MX_GPIO_Init	48	static
../Core/Src/main.c:441:6:StartGetBT	16	static
../Core/Src/main.c:461:6:StartSendUSB	16	static
../Core/Src/main.c:479:6:StartControllerJoin	16	static
../Core/Src/main.c:497:6:StartButtonPress	16	static
../Core/Src/main.c:515:6:StartUpdateLCD	16	static
../Core/Src/main.c:534:6:HAL_TIM_PeriodElapsedCallback	16	static
../Core/Src/main.c:551:6:Error_Handler	4	static,ignoring_inline_asm
