UsbCore.h:157:22:virtual void USBDeviceConfig::ResetHubPort(uint8_t)	0	static
UsbCore.h:165:22:virtual bool USBDeviceConfig::DEVCLASSOK(uint8_t)	0	static
UsbCore.h:169:22:virtual bool USBDeviceConfig::DEVSUBCLASSOK(uint8_t)	0	static
adk.h:103:25:virtual uint8_t ADK::Poll()	0	static
adk.h:107:25:virtual uint8_t ADK::GetAddress()	0	static
adk.h:111:22:virtual bool ADK::isReady()	0	static
adk.h:115:22:virtual bool ADK::VIDPIDOK(uint16_t, uint16_t)	0	static
adk.cpp:59:9:virtual uint8_t ADK::ConfigureDevice(uint8_t, uint8_t, bool)	8	static
adk.cpp:312:6:virtual void ADK::EndpointXtract(uint8_t, uint8_t, uint8_t, uint8_t, const USB_ENDPOINT_DESCRIPTOR*)	8	static
adk.cpp:337:9:virtual uint8_t ADK::Release()	8	static
confdescparser.h:91:6:void ConfigDescParser<CLASS_ID, SUBCLASS_ID, PROTOCOL_ID, MASK>::Parse(uint16_t, const uint8_t*, const uint16_t&) [with unsigned char CLASS_ID = 0; unsigned char SUBCLASS_ID = 0; unsigned char PROTOCOL_ID = 0; unsigned char MASK = 0]	40	static
adk.cpp:64:9:virtual uint8_t ADK::Init(uint8_t, uint8_t, bool)	152	static
adk.cpp:25:1:ADK::ADK(USB*, const char*, const char*, const char*, const char*, const char*, const char*)	24	static
adk.cpp:347:9:uint8_t ADK::RcvData(uint16_t*, uint8_t*)	16	static
adk.cpp:353:9:uint8_t ADK::SndData(uint16_t, uint8_t*)	16	static
adk.cpp:357:6:void ADK::PrintEndpointDescriptor(const USB_ENDPOINT_DESCRIPTOR*)	0	static
