UsbCore.h:157:22:virtual void USBDeviceConfig::ResetHubPort(uint8_t)	0	static
UsbCore.h:169:22:virtual bool USBDeviceConfig::DEVSUBCLASSOK(uint8_t)	0	static
BTD.h:261:25:virtual uint8_t BTD::GetAddress()	0	static
BTD.h:269:22:virtual bool BTD::isReady()	0	static
BTD.h:278:22:virtual bool BTD::DEVCLASSOK(uint8_t)	0	static
BTD.h:289:22:virtual bool BTD::VIDPIDOK(uint16_t, uint16_t)	0	static
BTD.cpp:330:6:virtual void BTD::EndpointXtract(uint8_t, uint8_t, uint8_t, uint8_t, const USB_ENDPOINT_DESCRIPTOR*)	0	static
confdescparser.h:91:6:void ConfigDescParser<CLASS_ID, SUBCLASS_ID, PROTOCOL_ID, MASK>::Parse(uint16_t, const uint8_t*, const uint16_t&) [with unsigned char CLASS_ID = 224; unsigned char SUBCLASS_ID = 1; unsigned char PROTOCOL_ID = 1; unsigned char MASK = 7]	40	static
confdescparser.h:91:6:void ConfigDescParser<CLASS_ID, SUBCLASS_ID, PROTOCOL_ID, MASK>::Parse(uint16_t, const uint8_t*, const uint16_t&) [with unsigned char CLASS_ID = 255; unsigned char SUBCLASS_ID = 1; unsigned char PROTOCOL_ID = 1; unsigned char MASK = 7]	40	static
BTD.cpp:302:6:void BTD::Initialize()	24	static
BTD.cpp:27:1:BTD::BTD(USB*)	16	static
BTD.cpp:50:9:virtual uint8_t BTD::ConfigureDevice(uint8_t, uint8_t, bool)	64	static
BTD.cpp:379:9:virtual uint8_t BTD::Release()	8	static
BTD.cpp:360:6:void BTD::PrintEndpointDescriptor(const USB_ENDPOINT_DESCRIPTOR*)	0	static
BTD.cpp:397:6:void BTD::disconnect()	16	static
BTD.cpp:1081:6:void BTD::ACL_event_task()	40	static
BTD.cpp:1108:6:void BTD::HCI_Command(uint8_t*, uint16_t)	40	static
BTD.cpp:1113:6:void BTD::hci_reset()	8	static
BTD.cpp:1122:6:void BTD::hci_write_scan_enable()	8	static
BTD.cpp:1135:6:void BTD::hci_write_scan_disable()	8	static
BTD.cpp:1144:6:void BTD::hci_read_bdaddr()	8	static
BTD.cpp:1153:6:void BTD::hci_read_local_version_information()	8	static
BTD.cpp:1162:6:void BTD::hci_read_local_extended_features(uint8_t)	8	static
BTD.cpp:1172:6:void BTD::hci_accept_connection()	8	static
BTD.cpp:1188:6:void BTD::hci_remote_name()	8	static
BTD.cpp:1207:6:void BTD::hci_write_local_name(const char*)	24	static
BTD.cpp:1219:6:void BTD::hci_set_event_mask()	8	static
BTD.cpp:1237:6:void BTD::hci_write_simple_pairing_mode(bool)	8	static
BTD.cpp:1246:6:void BTD::hci_inquiry()	8	static
BTD.cpp:1260:6:void BTD::hci_inquiry_cancel()	8	static
BTD.cpp:1272:6:void BTD::hci_connect(uint8_t*)	8	static
BTD.cpp:1268:6:void BTD::hci_connect()	8	static
BTD.cpp:1294:6:void BTD::hci_pin_code_request_reply()	24	static
BTD.cpp:1330:6:void BTD::hci_pin_code_negative_request_reply()	8	static
BTD.cpp:1344:6:void BTD::hci_link_key_request_negative_reply()	8	static
BTD.cpp:1358:6:void BTD::hci_io_capability_request_reply()	8	static
BTD.cpp:1375:6:void BTD::hci_user_confirmation_request_reply()	8	static
BTD.cpp:1389:6:void BTD::hci_authentication_request()	8	static
BTD.cpp:1399:6:void BTD::hci_disconnect(uint16_t)	8	static
BTD.cpp:403:6:void BTD::HCI_event_task()	40	static
BTD.cpp:1411:6:void BTD::hci_write_class_of_device()	8	static
BTD.cpp:765:6:void BTD::HCI_task()	16	static
BTD.cpp:385:9:virtual uint8_t BTD::Poll()	8	static
BTD.cpp:1447:6:void BTD::L2CAP_Command(uint16_t, uint8_t*, uint8_t, uint8_t, uint8_t)	32	dynamic
BTD.cpp:1475:6:void BTD::l2cap_connection_request(uint16_t, uint8_t, uint8_t*, uint16_t)	24	static
BTD.cpp:1488:6:void BTD::l2cap_connection_response(uint16_t, uint8_t, uint8_t*, uint8_t*, uint8_t)	24	static
BTD.cpp:1505:6:void BTD::l2cap_config_request(uint16_t, uint8_t, uint8_t*)	24	static
BTD.cpp:1522:6:void BTD::l2cap_config_response(uint16_t, uint8_t, uint8_t*)	24	static
BTD.cpp:1541:6:void BTD::l2cap_disconnection_request(uint16_t, uint8_t, uint8_t*, uint8_t*)	24	static
BTD.cpp:1554:6:void BTD::l2cap_disconnection_response(uint16_t, uint8_t, uint8_t*, uint8_t*)	24	static
BTD.cpp:1567:6:void BTD::l2cap_information_response(uint16_t, uint8_t, uint8_t, uint8_t)	24	static
BTD.cpp:1585:6:void BTD::setBdaddr(uint8_t*)	48	static
BTD.cpp:1598:6:void BTD::setMoveBdaddr(uint8_t*)	56	static
BTD.cpp:136:9:virtual uint8_t BTD::Init(uint8_t, uint8_t, bool)	112	static
