UsbCore.h:137:25:virtual uint8_t USBDeviceConfig::Init(uint8_t, uint8_t, bool)	16	static
UsbCore.h:141:25:virtual uint8_t USBDeviceConfig::ConfigureDevice(uint8_t, uint8_t, bool)	16	static
UsbCore.h:145:25:virtual uint8_t USBDeviceConfig::Release()	16	static
UsbCore.h:149:25:virtual uint8_t USBDeviceConfig::Poll()	16	static
UsbCore.h:153:25:virtual uint8_t USBDeviceConfig::GetAddress()	16	static
UsbCore.h:157:22:virtual void USBDeviceConfig::ResetHubPort(uint8_t)	16	static
UsbCore.h:161:22:virtual bool USBDeviceConfig::VIDPIDOK(uint16_t, uint16_t)	16	static
UsbCore.h:165:22:virtual bool USBDeviceConfig::DEVCLASSOK(uint8_t)	16	static
UsbCore.h:169:22:virtual bool USBDeviceConfig::DEVSUBCLASSOK(uint8_t)	16	static
UsbCore.h:226:22:AddressPool& USB::GetAddressPool()	16	static
UsbCore.h:230:17:uint8_t USB::RegisterDeviceClass(USBDeviceConfig*)	24	static
parsetools.h:36:9:MultiValueBuffer::MultiValueBuffer()	16	static
parsetools.h:47:9:MultiByteValueParser::MultiByteValueParser()	16	static
parsetools.h:54:14:void MultiByteValueParser::Initialize(MultiValueBuffer*)	16	static
parsetools.h:69:9:ByteSkipper::ByteSkipper()	16	static
parsetools.h:72:14:void ByteSkipper::Initialize(MultiValueBuffer*)	16	static
parsetools.h:77:14:bool ByteSkipper::Skip(uint8_t**, uint16_t*, uint16_t)	24	static
confdescparser.h:35:22:virtual void UsbConfigXtracter::EndpointXtract(uint8_t, uint8_t, uint8_t, uint8_t, const USB_ENDPOINT_DESCRIPTOR*)	16	static
UsbCore.h:134:7:constexpr USBDeviceConfig::USBDeviceConfig()	16	static
confdescparser.h:30:7:constexpr UsbConfigXtracter::UsbConfigXtracter()	16	static
BTD.h:261:25:virtual uint8_t BTD::GetAddress()	16	static
BTD.h:269:22:virtual bool BTD::isReady()	16	static
BTD.h:278:22:virtual bool BTD::DEVCLASSOK(uint8_t)	16	static
BTD.h:289:22:virtual bool BTD::VIDPIDOK(uint16_t, uint16_t)	16	static
BTD.cpp:27:1:BTD::BTD(USB*)	24	static
BTD.cpp:50:9:virtual uint8_t BTD::ConfigureDevice(uint8_t, uint8_t, bool)	72	static
BTD.cpp:136:9:virtual uint8_t BTD::Init(uint8_t, uint8_t, bool)	96	static
BTD.cpp:302:6:void BTD::Initialize()	24	static
BTD.cpp:330:6:virtual void BTD::EndpointXtract(uint8_t, uint8_t, uint8_t, uint8_t, const USB_ENDPOINT_DESCRIPTOR*)	24	static
BTD.cpp:360:6:void BTD::PrintEndpointDescriptor(const USB_ENDPOINT_DESCRIPTOR*)	16	static
BTD.cpp:379:9:virtual uint8_t BTD::Release()	16	static
BTD.cpp:385:9:virtual uint8_t BTD::Poll()	16	static
BTD.cpp:397:6:void BTD::disconnect()	24	static
BTD.cpp:403:6:void BTD::HCI_event_task()	48	static
BTD.cpp:765:6:void BTD::HCI_task()	32	static
BTD.cpp:1081:6:void BTD::ACL_event_task()	40	static
BTD.cpp:1108:6:void BTD::HCI_Command(uint8_t*, uint16_t)	56	static
BTD.cpp:1113:6:void BTD::hci_reset()	16	static
BTD.cpp:1122:6:void BTD::hci_write_scan_enable()	16	static
BTD.cpp:1135:6:void BTD::hci_write_scan_disable()	16	static
BTD.cpp:1144:6:void BTD::hci_read_bdaddr()	16	static
BTD.cpp:1153:6:void BTD::hci_read_local_version_information()	16	static
BTD.cpp:1162:6:void BTD::hci_read_local_extended_features(uint8_t)	16	static
BTD.cpp:1172:6:void BTD::hci_accept_connection()	16	static
BTD.cpp:1188:6:void BTD::hci_remote_name()	16	static
BTD.cpp:1207:6:void BTD::hci_write_local_name(const char*)	32	static
BTD.cpp:1219:6:void BTD::hci_set_event_mask()	16	static
BTD.cpp:1237:6:void BTD::hci_write_simple_pairing_mode(bool)	16	static
BTD.cpp:1246:6:void BTD::hci_inquiry()	16	static
BTD.cpp:1260:6:void BTD::hci_inquiry_cancel()	16	static
BTD.cpp:1268:6:void BTD::hci_connect()	16	static
BTD.cpp:1272:6:void BTD::hci_connect(uint8_t*)	16	static
BTD.cpp:1294:6:void BTD::hci_pin_code_request_reply()	32	static
BTD.cpp:1330:6:void BTD::hci_pin_code_negative_request_reply()	16	static
BTD.cpp:1344:6:void BTD::hci_link_key_request_negative_reply()	16	static
BTD.cpp:1358:6:void BTD::hci_io_capability_request_reply()	16	static
BTD.cpp:1375:6:void BTD::hci_user_confirmation_request_reply()	16	static
BTD.cpp:1389:6:void BTD::hci_authentication_request()	16	static
BTD.cpp:1399:6:void BTD::hci_disconnect(uint16_t)	16	static
BTD.cpp:1411:6:void BTD::hci_write_class_of_device()	16	static
BTD.cpp:1447:6:void BTD::L2CAP_Command(uint16_t, uint8_t*, uint8_t, uint8_t, uint8_t)	56	dynamic
BTD.cpp:1475:6:void BTD::l2cap_connection_request(uint16_t, uint8_t, uint8_t*, uint16_t)	32	static
BTD.cpp:1488:6:void BTD::l2cap_connection_response(uint16_t, uint8_t, uint8_t*, uint8_t*, uint8_t)	32	static
BTD.cpp:1505:6:void BTD::l2cap_config_request(uint16_t, uint8_t, uint8_t*)	32	static
BTD.cpp:1522:6:void BTD::l2cap_config_response(uint16_t, uint8_t, uint8_t*)	32	static
BTD.cpp:1541:6:void BTD::l2cap_disconnection_request(uint16_t, uint8_t, uint8_t*, uint8_t*)	32	static
BTD.cpp:1554:6:void BTD::l2cap_disconnection_response(uint16_t, uint8_t, uint8_t*, uint8_t*)	32	static
BTD.cpp:1567:6:void BTD::l2cap_information_response(uint16_t, uint8_t, uint8_t, uint8_t)	24	static
BTD.cpp:1585:6:void BTD::setBdaddr(uint8_t*)	64	static
BTD.cpp:1598:6:void BTD::setMoveBdaddr(uint8_t*)	64	static
printhex.h:76:25:void D_PrintHex(T, int) [with T = unsigned char]	16	static
UsbCore.h:205:7:constexpr USBReadParser::USBReadParser()	16	static
confdescparser.h:79:1:ConfigDescParser<CLASS_ID, SUBCLASS_ID, PROTOCOL_ID, MASK>::ConfigDescParser(UsbConfigXtracter*) [with unsigned char CLASS_ID = 255; unsigned char SUBCLASS_ID = 1; unsigned char PROTOCOL_ID = 1; unsigned char MASK = 7]	16	static
confdescparser.h:79:1:ConfigDescParser<CLASS_ID, SUBCLASS_ID, PROTOCOL_ID, MASK>::ConfigDescParser(UsbConfigXtracter*) [with unsigned char CLASS_ID = 224; unsigned char SUBCLASS_ID = 1; unsigned char PROTOCOL_ID = 1; unsigned char MASK = 7]	16	static
printhex.h:33:6:void PrintHex(T, int) [with T = unsigned char]	24	static
confdescparser.h:91:6:void ConfigDescParser<CLASS_ID, SUBCLASS_ID, PROTOCOL_ID, MASK>::Parse(uint16_t, const uint8_t*, const uint16_t&) [with unsigned char CLASS_ID = 224; unsigned char SUBCLASS_ID = 1; unsigned char PROTOCOL_ID = 1; unsigned char MASK = 7]	32	static
confdescparser.h:91:6:void ConfigDescParser<CLASS_ID, SUBCLASS_ID, PROTOCOL_ID, MASK>::Parse(uint16_t, const uint8_t*, const uint16_t&) [with unsigned char CLASS_ID = 255; unsigned char SUBCLASS_ID = 1; unsigned char PROTOCOL_ID = 1; unsigned char MASK = 7]	32	static
confdescparser.h:103:6:bool ConfigDescParser<CLASS_ID, SUBCLASS_ID, PROTOCOL_ID, MASK>::ParseDescriptor(uint8_t**, uint16_t*) [with unsigned char CLASS_ID = 224; unsigned char SUBCLASS_ID = 1; unsigned char PROTOCOL_ID = 1; unsigned char MASK = 7]	56	static
confdescparser.h:103:6:bool ConfigDescParser<CLASS_ID, SUBCLASS_ID, PROTOCOL_ID, MASK>::ParseDescriptor(uint8_t**, uint16_t*) [with unsigned char CLASS_ID = 255; unsigned char SUBCLASS_ID = 1; unsigned char PROTOCOL_ID = 1; unsigned char MASK = 7]	56	static
