BTHID.h:121:14:virtual void BTHID::onInit()	8	static
BTHID.h:134:22:virtual void BTHID::ParseBTHIDData(uint8_t, uint8_t*)	0	static
BTHID.h:141:22:virtual void BTHID::ParseBTHIDControlData(uint8_t, uint8_t*)	0	static
BTHID.h:145:22:virtual void BTHID::OnInitBTHID()	0	static
BTHID.h:149:22:virtual void BTHID::ResetBTHID()	0	static
BTHID.cpp:43:6:virtual void BTHID::Reset()	8	static
BTHID.cpp:53:6:virtual void BTHID::disconnect()	16	static
BTHID.cpp:560:6:virtual void BTHID::Run()	32	static
BTHID.cpp:23:1:BTHID::BTHID(BTD*, bool, const char*)	24	static
BTHID.cpp:406:6:void BTHID::SDP_task()	32	static
BTHID.cpp:590:6:void BTHID::SDP_Command(uint8_t*, uint8_t)	16	static
BTHID.cpp:594:6:void BTHID::serviceNotSupported(uint8_t, uint8_t)	8	static
BTHID.cpp:615:6:void BTHID::setProtocol()	24	static
BTHID.cpp:454:6:void BTHID::L2CAP_task()	32	static
BTHID.cpp:63:6:virtual void BTHID::ACLData(uint8_t*)	24	static
BTHID.cpp:630:6:void BTHID::setLeds(uint8_t)	24	static
