BTD.h:321:16:int8_t BTD::registerBluetoothService(BluetoothService*)	24	static
BTD.h:618:9:BluetoothService::BluetoothService(BTD*)	16	static
BTD.h:651:14:bool BluetoothService::checkHciHandle(uint8_t*, uint16_t)	24	static
BTHID.h:121:14:virtual void BTHID::onInit()	16	static
BTHID.h:134:22:virtual void BTHID::ParseBTHIDData(uint8_t, uint8_t*)	24	static
BTHID.h:141:22:virtual void BTHID::ParseBTHIDControlData(uint8_t, uint8_t*)	24	static
BTHID.h:145:22:virtual void BTHID::OnInitBTHID()	16	static
BTHID.h:149:22:virtual void BTHID::ResetBTHID()	16	static
BTHID.cpp:23:1:BTHID::BTHID(BTD*, bool, const char*)	32	static
BTHID.cpp:43:6:virtual void BTHID::Reset()	16	static
BTHID.cpp:53:6:virtual void BTHID::disconnect()	32	static
BTHID.cpp:63:6:virtual void BTHID::ACLData(uint8_t*)	40	static
BTHID.cpp:406:6:void BTHID::SDP_task()	32	static
BTHID.cpp:454:6:void BTHID::L2CAP_task()	32	static
BTHID.cpp:560:6:virtual void BTHID::Run()	32	static
BTHID.cpp:590:6:void BTHID::SDP_Command(uint8_t*, uint8_t)	40	static
BTHID.cpp:594:6:void BTHID::serviceNotSupported(uint8_t, uint8_t)	16	static
BTHID.cpp:615:6:void BTHID::setProtocol()	40	static
BTHID.cpp:630:6:void BTHID::setLeds(uint8_t)	40	static
printhex.h:76:25:void D_PrintHex(T, int) [with T = unsigned char]	16	static
printhex.h:33:6:void PrintHex(T, int) [with T = unsigned char]	24	static
