UsbCore.h:141:25:virtual uint8_t USBDeviceConfig::ConfigureDevice(uint8_t, uint8_t, bool)	0	static
UsbCore.h:157:22:virtual void USBDeviceConfig::ResetHubPort(uint8_t)	0	static
UsbCore.h:165:22:virtual bool USBDeviceConfig::DEVCLASSOK(uint8_t)	0	static
UsbCore.h:169:22:virtual bool USBDeviceConfig::DEVSUBCLASSOK(uint8_t)	0	static
cdcacm.h:209:25:virtual uint8_t ACM::GetAddress()	0	static
cdcacm.h:213:22:virtual bool ACM::isReady()	0	static
cdcacm.h:217:30:virtual tty_features ACM::enhanced_status()	0	static
cdcacm.h:244:22:virtual void ACM::wide(bool)	0	static
cdc_XR21B1411.h:115:22:virtual bool XR21B1411::VIDPIDOK(uint16_t, uint16_t)	0	static
cdc_XR21B1411.h:121:30:virtual tty_features XR21B1411::enhanced_features()	0	static
cdc_XR21B1411.cpp:25:9:virtual uint8_t XR21B1411::Init(uint8_t, uint8_t, bool)	192	static
confdescparser.h:91:6:void ConfigDescParser<CLASS_ID, SUBCLASS_ID, PROTOCOL_ID, MASK>::Parse(uint16_t, const uint8_t*, const uint16_t&) [with unsigned char CLASS_ID = 2; unsigned char SUBCLASS_ID = 2; unsigned char PROTOCOL_ID = 1; unsigned char MASK = 7]	40	static
confdescparser.h:91:6:void ConfigDescParser<CLASS_ID, SUBCLASS_ID, PROTOCOL_ID, MASK>::Parse(uint16_t, const uint8_t*, const uint16_t&) [with unsigned char CLASS_ID = 10; unsigned char SUBCLASS_ID = 0; unsigned char PROTOCOL_ID = 0; unsigned char MASK = 1]	40	static
cdc_XR21B1411.h:243:22:virtual void XR21B1411::half_duplex(bool)	64	static
cdc_XR21B1411.h:211:22:virtual void XR21B1411::autoflowXON(bool)	64	static
cdc_XR21B1411.h:145:22:virtual void XR21B1411::autoflowRTS(bool)	64	static
cdc_XR21B1411.h:176:22:virtual void XR21B1411::autoflowDSR(bool)	64	static
cdc_XR21B1411.cpp:19:1:XR21B1411::XR21B1411(USB*, CDCAsyncOper*)	8	static
