UsbCore.h:141:25:virtual uint8_t USBDeviceConfig::ConfigureDevice(uint8_t, uint8_t, bool)	0	static
UsbCore.h:157:22:virtual void USBDeviceConfig::ResetHubPort(uint8_t)	0	static
UsbCore.h:161:22:virtual bool USBDeviceConfig::VIDPIDOK(uint16_t, uint16_t)	0	static
UsbCore.h:165:22:virtual bool USBDeviceConfig::DEVCLASSOK(uint8_t)	0	static
UsbCore.h:169:22:virtual bool USBDeviceConfig::DEVSUBCLASSOK(uint8_t)	0	static
cdcacm.h:209:25:virtual uint8_t ACM::GetAddress()	0	static
cdcacm.h:213:22:virtual bool ACM::isReady()	0	static
cdcacm.h:217:30:virtual tty_features ACM::enhanced_status()	0	static
cdcacm.h:221:30:virtual tty_features ACM::enhanced_features()	0	static
cdcacm.h:232:22:virtual void ACM::autoflowRTS(bool)	0	static
cdcacm.h:235:22:virtual void ACM::autoflowDSR(bool)	0	static
cdcacm.h:238:22:virtual void ACM::autoflowXON(bool)	0	static
cdcacm.h:241:22:virtual void ACM::half_duplex(bool)	0	static
cdcacm.h:244:22:virtual void ACM::wide(bool)	0	static
cdcacm.cpp:231:6:virtual void ACM::EndpointXtract(uint8_t, uint8_t, uint8_t, uint8_t, const USB_ENDPOINT_DESCRIPTOR*)	0	static
cdcacm.cpp:258:9:virtual uint8_t ACM::Release()	16	static
cdcacm.cpp:272:9:virtual uint8_t ACM::Poll()	0	static
cdcacm.cpp:46:9:virtual uint8_t ACM::Init(uint8_t, uint8_t, bool)	192	static
confdescparser.h:91:6:void ConfigDescParser<CLASS_ID, SUBCLASS_ID, PROTOCOL_ID, MASK>::Parse(uint16_t, const uint8_t*, const uint16_t&) [with unsigned char CLASS_ID = 2; unsigned char SUBCLASS_ID = 2; unsigned char PROTOCOL_ID = 1; unsigned char MASK = 7]	40	static
confdescparser.h:91:6:void ConfigDescParser<CLASS_ID, SUBCLASS_ID, PROTOCOL_ID, MASK>::Parse(uint16_t, const uint8_t*, const uint16_t&) [with unsigned char CLASS_ID = 10; unsigned char SUBCLASS_ID = 0; unsigned char PROTOCOL_ID = 0; unsigned char MASK = 1]	40	static
cdcacm.cpp:23:1:ACM::ACM(USB*, CDCAsyncOper*)	28	static
cdcacm.cpp:280:9:uint8_t ACM::RcvData(uint16_t*, uint8_t*)	24	static
cdcacm.cpp:288:9:uint8_t ACM::SndData(uint16_t, uint8_t*)	24	static
cdcacm.cpp:296:9:uint8_t ACM::SetCommFeature(uint16_t, uint8_t, uint8_t*)	48	static
cdcacm.cpp:304:9:uint8_t ACM::GetCommFeature(uint16_t, uint8_t, uint8_t*)	48	static
cdcacm.cpp:312:9:uint8_t ACM::ClearCommFeature(uint16_t)	48	static
cdcacm.cpp:320:9:uint8_t ACM::SetLineCoding(const LINE_CODING*)	48	static
cdcacm.cpp:328:9:uint8_t ACM::GetLineCoding(LINE_CODING*)	48	static
cdcacm.cpp:336:9:uint8_t ACM::SetControlLineState(uint8_t)	48	static
cdcacm.cpp:344:9:uint8_t ACM::SendBreak(uint16_t)	48	static
cdcacm.cpp:352:6:void ACM::PrintEndpointDescriptor(const USB_ENDPOINT_DESCRIPTOR*)	0	static
