../USB_Host_Shield_2_0/hidboot.h:63:22:virtual void MouseReportParser::OnMouseMove(MOUSEINFO*)	16	static
../USB_Host_Shield_2_0/hidboot.h:66:22:virtual void MouseReportParser::OnLeftButtonUp(MOUSEINFO*)	16	static
../USB_Host_Shield_2_0/hidboot.h:69:22:virtual void MouseReportParser::OnLeftButtonDown(MOUSEINFO*)	16	static
../USB_Host_Shield_2_0/hidboot.h:72:22:virtual void MouseReportParser::OnRightButtonUp(MOUSEINFO*)	16	static
../USB_Host_Shield_2_0/hidboot.h:75:22:virtual void MouseReportParser::OnRightButtonDown(MOUSEINFO*)	16	static
../USB_Host_Shield_2_0/hidboot.h:78:22:virtual void MouseReportParser::OnMiddleButtonUp(MOUSEINFO*)	16	static
../USB_Host_Shield_2_0/hidboot.h:81:22:virtual void MouseReportParser::OnMiddleButtonDown(MOUSEINFO*)	16	static
../USB_Host_Shield_2_0/hidboot.h:151:25:virtual uint8_t KeyboardReportParser::HandleLockingKeys(USBHID*, uint8_t)	48	static
../USB_Host_Shield_2_0/hidboot.h:174:22:virtual void KeyboardReportParser::OnControlKeysChanged(uint8_t, uint8_t)	16	static
../USB_Host_Shield_2_0/hidboot.h:177:22:virtual void KeyboardReportParser::OnKeyDown(uint8_t, uint8_t)	16	static
../USB_Host_Shield_2_0/hidboot.h:180:22:virtual void KeyboardReportParser::OnKeyUp(uint8_t, uint8_t)	16	static
../USB_Host_Shield_2_0/hidboot.h:183:32:virtual const uint8_t* KeyboardReportParser::getNumKeys()	16	static
../USB_Host_Shield_2_0/hidboot.h:187:32:virtual const uint8_t* KeyboardReportParser::getSymKeysUp()	16	static
../USB_Host_Shield_2_0/hidboot.h:191:32:virtual const uint8_t* KeyboardReportParser::getSymKeysLo()	16	static
../USB_Host_Shield_2_0/hidboot.h:195:32:virtual const uint8_t* KeyboardReportParser::getPadKeys()	16	static
../USB_Host_Shield_2_0/hidboot.cpp:19:6:virtual void MouseReportParser::Parse(USBHID*, bool, uint8_t, uint8_t*)	32	static
../USB_Host_Shield_2_0/hidboot.cpp:127:6:virtual void KeyboardReportParser::Parse(USBHID*, bool, uint8_t, uint8_t*)	32	static
../USB_Host_Shield_2_0/hidboot.cpp:165:9:uint8_t KeyboardReportParser::OemToAscii(uint8_t, uint8_t)	24	static
