UsbCore.h:137:25:virtual uint8_t USBDeviceConfig::Init(uint8_t, uint8_t, bool)	16	static
UsbCore.h:141:25:virtual uint8_t USBDeviceConfig::ConfigureDevice(uint8_t, uint8_t, bool)	16	static
UsbCore.h:145:25:virtual uint8_t USBDeviceConfig::Release()	16	static
UsbCore.h:149:25:virtual uint8_t USBDeviceConfig::Poll()	16	static
UsbCore.h:153:25:virtual uint8_t USBDeviceConfig::GetAddress()	16	static
UsbCore.h:157:22:virtual void USBDeviceConfig::ResetHubPort(uint8_t)	16	static
UsbCore.h:161:22:virtual bool USBDeviceConfig::VIDPIDOK(uint16_t, uint16_t)	16	static
UsbCore.h:165:22:virtual bool USBDeviceConfig::DEVCLASSOK(uint8_t)	16	static
UsbCore.h:169:22:virtual bool USBDeviceConfig::DEVSUBCLASSOK(uint8_t)	16	static
UsbCore.h:226:22:AddressPool& USB::GetAddressPool()	16	static
UsbCore.h:230:17:uint8_t USB::RegisterDeviceClass(USBDeviceConfig*)	24	static
parsetools.h:36:9:MultiValueBuffer::MultiValueBuffer()	16	static
parsetools.h:47:9:MultiByteValueParser::MultiByteValueParser()	16	static
parsetools.h:54:14:void MultiByteValueParser::Initialize(MultiValueBuffer*)	16	static
parsetools.h:69:9:ByteSkipper::ByteSkipper()	16	static
parsetools.h:72:14:void ByteSkipper::Initialize(MultiValueBuffer*)	16	static
parsetools.h:77:14:bool ByteSkipper::Skip(uint8_t**, uint16_t*, uint16_t)	24	static
confdescparser.h:35:22:virtual void UsbConfigXtracter::EndpointXtract(uint8_t, uint8_t, uint8_t, uint8_t, const USB_ENDPOINT_DESCRIPTOR*)	16	static
usbhid.h:159:34:virtual HIDReportParser* USBHID::GetReportParser(uint8_t)	16	static
UsbCore.h:134:7:constexpr USBDeviceConfig::USBDeviceConfig()	16	static
confdescparser.h:30:7:constexpr UsbConfigXtracter::UsbConfigXtracter()	16	static
usbhid.h:165:9:USBHID::USBHID(USB*)	16	static
usbhid.h:172:22:virtual bool USBHID::SetReportParser(uint8_t, HIDReportParser*)	24	static
hidcomposite.h:76:25:virtual uint8_t HIDComposite::OnInitSuccessful()	16	static
hidcomposite.h:80:22:virtual void HIDComposite::ParseHIDData(USBHID*, uint8_t, bool, uint8_t, uint8_t*)	24	static
hidcomposite.h:95:25:virtual uint8_t HIDComposite::GetAddress()	16	static
hidcomposite.h:99:22:virtual bool HIDComposite::isReady()	16	static
hidcomposite.cpp:20:1:HIDComposite::HIDComposite(USB*)	16	static
hidcomposite.cpp:32:10:uint16_t HIDComposite::GetHidClassDescrLen(uint8_t, uint8_t)	24	static
hidcomposite.cpp:43:6:void HIDComposite::Initialize()	24	static
hidcomposite.cpp:72:6:virtual bool HIDComposite::SetReportParser(uint8_t, HIDReportParser*)	32	static
hidcomposite.cpp:83:18:virtual HIDReportParser* HIDComposite::GetReportParser(uint8_t)	24	static
hidcomposite.cpp:94:9:virtual uint8_t HIDComposite::Init(uint8_t, uint8_t, bool)	136	static
hidcomposite.cpp:289:29:HIDComposite::HIDInterface* HIDComposite::FindInterface(uint8_t, uint8_t, uint8_t)	24	static
hidcomposite.cpp:297:6:virtual void HIDComposite::EndpointXtract(uint8_t, uint8_t, uint8_t, uint8_t, const USB_ENDPOINT_DESCRIPTOR*)	24	static
hidcomposite.cpp:354:9:virtual uint8_t HIDComposite::Release()	16	static
hidcomposite.cpp:364:6:void HIDComposite::ZeroMemory(uint8_t, uint8_t*)	32	static
hidcomposite.cpp:369:9:virtual uint8_t HIDComposite::Poll()	112	static
hidcomposite.cpp:427:9:uint8_t HIDComposite::SndRpt(uint16_t, uint8_t*)	40	static
printhex.h:76:25:void D_PrintHex(T, int) [with T = unsigned char]	16	static
UsbCore.h:205:7:constexpr USBReadParser::USBReadParser()	16	static
confdescparser.h:79:1:ConfigDescParser<CLASS_ID, SUBCLASS_ID, PROTOCOL_ID, MASK>::ConfigDescParser(UsbConfigXtracter*) [with unsigned char CLASS_ID = 3; unsigned char SUBCLASS_ID = 0; unsigned char PROTOCOL_ID = 0; unsigned char MASK = 1]	16	static
printhex.h:33:6:void PrintHex(T, int) [with T = unsigned char]	24	static
confdescparser.h:91:6:void ConfigDescParser<CLASS_ID, SUBCLASS_ID, PROTOCOL_ID, MASK>::Parse(uint16_t, const uint8_t*, const uint16_t&) [with unsigned char CLASS_ID = 3; unsigned char SUBCLASS_ID = 0; unsigned char PROTOCOL_ID = 0; unsigned char MASK = 1]	32	static
confdescparser.h:103:6:bool ConfigDescParser<CLASS_ID, SUBCLASS_ID, PROTOCOL_ID, MASK>::ParseDescriptor(uint8_t**, uint16_t*) [with unsigned char CLASS_ID = 3; unsigned char SUBCLASS_ID = 0; unsigned char PROTOCOL_ID = 0; unsigned char MASK = 1]	56	static
