UsbCore.h:141:25:virtual uint8_t USBDeviceConfig::ConfigureDevice(uint8_t, uint8_t, bool)	0	static
UsbCore.h:157:22:virtual void USBDeviceConfig::ResetHubPort(uint8_t)	0	static
UsbCore.h:161:22:virtual bool USBDeviceConfig::VIDPIDOK(uint16_t, uint16_t)	0	static
UsbCore.h:165:22:virtual bool USBDeviceConfig::DEVCLASSOK(uint8_t)	0	static
UsbCore.h:169:22:virtual bool USBDeviceConfig::DEVSUBCLASSOK(uint8_t)	0	static
hidcomposite.h:76:25:virtual uint8_t HIDComposite::OnInitSuccessful()	0	static
hidcomposite.h:80:22:virtual void HIDComposite::ParseHIDData(USBHID*, uint8_t, bool, uint8_t, uint8_t*)	0	static
hidcomposite.h:95:25:virtual uint8_t HIDComposite::GetAddress()	0	static
hidcomposite.h:99:22:virtual bool HIDComposite::isReady()	0	static
hidcomposite.cpp:72:6:virtual bool HIDComposite::SetReportParser(uint8_t, HIDReportParser*)	0	static
hidcomposite.cpp:83:18:virtual HIDReportParser* HIDComposite::GetReportParser(uint8_t)	0	static
hidcomposite.cpp:354:9:virtual uint8_t HIDComposite::Release()	8	static
hidcomposite.cpp:94:9:virtual uint8_t HIDComposite::Init(uint8_t, uint8_t, bool)	136	static
confdescparser.h:91:6:void ConfigDescParser<CLASS_ID, SUBCLASS_ID, PROTOCOL_ID, MASK>::Parse(uint16_t, const uint8_t*, const uint16_t&) [with unsigned char CLASS_ID = 3; unsigned char SUBCLASS_ID = 0; unsigned char PROTOCOL_ID = 0; unsigned char MASK = 1]	40	static
hidcomposite.cpp:32:10:uint16_t HIDComposite::GetHidClassDescrLen(uint8_t, uint8_t)	16	static
hidcomposite.cpp:43:6:void HIDComposite::Initialize()	20	static
hidcomposite.cpp:20:1:HIDComposite::HIDComposite(USB*)	16	static
hidcomposite.cpp:289:29:HIDComposite::HIDInterface* HIDComposite::FindInterface(uint8_t, uint8_t, uint8_t)	16	static
hidcomposite.cpp:297:6:virtual void HIDComposite::EndpointXtract(uint8_t, uint8_t, uint8_t, uint8_t, const USB_ENDPOINT_DESCRIPTOR*)	32	static
hidcomposite.cpp:364:6:void HIDComposite::ZeroMemory(uint8_t, uint8_t*)	0	static
hidcomposite.cpp:369:9:virtual uint8_t HIDComposite::Poll()	112	static
hidcomposite.cpp:427:9:uint8_t HIDComposite::SndRpt(uint16_t, uint8_t*)	16	static
