hidescriptorparser.cpp:993:6:virtual void ReportDescParserBase::Parse(uint16_t, const uint8_t*, const uint16_t&)	16	static
hidescriptorparser.cpp:1296:6:static void ReportDescParserBase::PrintGenericDesktopPageUsage(uint16_t)	8	static
hidescriptorparser.cpp:1308:6:static void ReportDescParserBase::PrintSimulationControlsPageUsage(uint16_t)	8	static
hidescriptorparser.cpp:1318:6:static void ReportDescParserBase::PrintVRControlsPageUsage(uint16_t)	8	static
hidescriptorparser.cpp:1327:6:static void ReportDescParserBase::PrintSportsControlsPageUsage(uint16_t)	8	static
hidescriptorparser.cpp:1337:6:static void ReportDescParserBase::PrintGameControlsPageUsage(uint16_t)	8	static
hidescriptorparser.cpp:1346:6:static void ReportDescParserBase::PrintGenericDeviceControlsPageUsage(uint16_t)	8	static
hidescriptorparser.cpp:1354:6:static void ReportDescParserBase::PrintLEDPageUsage(uint16_t)	8	static
hidescriptorparser.cpp:1362:6:static void ReportDescParserBase::PrintTelephonyPageUsage(uint16_t)	8	static
hidescriptorparser.cpp:1375:6:static void ReportDescParserBase::PrintConsumerPageUsage(uint16_t)	8	static
hidescriptorparser.cpp:1397:6:static void ReportDescParserBase::PrintDigitizerPageUsage(uint16_t)	8	static
hidescriptorparser.cpp:1407:6:static void ReportDescParserBase::PrintAlphanumDisplayPageUsage(uint16_t)	8	static
hidescriptorparser.cpp:1417:6:static void ReportDescParserBase::PrintMedicalInstrumentPageUsage(uint16_t)	8	static
hidescriptorparser.cpp:1587:6:virtual void UniversalReportParser::Parse(USBHID*, bool, uint8_t, uint8_t*)	72	static
hidescriptorparser.cpp:1026:6:static void ReportDescParserBase::PrintItemTitle(uint8_t)	8	static
hidescriptorparser.cpp:1236:6:void ReportDescParserBase::SetUsagePage(uint16_t)	0	static
hidescriptorparser.cpp:1254:6:static void ReportDescParserBase::PrintUsagePage(uint16_t)	8	static
printhex.h:33:6:void PrintHex(T, int) [with T = unsigned char]	16	static
hidescriptorparser.cpp:1013:6:static void ReportDescParserBase::PrintValue(uint8_t*, uint8_t)	16	static
hidescriptorparser.cpp:1020:6:static void ReportDescParserBase::PrintByteValue(uint8_t)	8	static
hidescriptorparser.cpp:1521:6:void ReportDescParser2::OnInputItem(uint8_t)	40	static
hidescriptorparser.cpp:1432:9:virtual uint8_t ReportDescParser2::ParseItem(uint8_t**, uint16_t*)	8	static
hidescriptorparser.cpp:1091:9:virtual uint8_t ReportDescParserBase::ParseItem(uint8_t**, uint16_t*)	32	static
printhex.h:33:6:void PrintHex(T, int) [with T = short unsigned int]	16	static
hidescriptorparser.cpp:1279:6:static void ReportDescParserBase::PrintButtonPageUsage(uint16_t)	8	static
hidescriptorparser.cpp:1287:6:static void ReportDescParserBase::PrintOrdinalPageUsage(uint16_t)	8	static
