UsbCore.h:141:25:virtual uint8_t USBDeviceConfig::ConfigureDevice(uint8_t, uint8_t, bool)	16	static
UsbCore.h:157:22:virtual void USBDeviceConfig::ResetHubPort(uint8_t)	16	static
UsbCore.h:161:22:virtual bool USBDeviceConfig::VIDPIDOK(uint16_t, uint16_t)	16	static
UsbCore.h:165:22:virtual bool USBDeviceConfig::DEVCLASSOK(uint8_t)	16	static
UsbCore.h:169:22:virtual bool USBDeviceConfig::DEVSUBCLASSOK(uint8_t)	16	static
hidcomposite.h:76:25:virtual uint8_t HIDComposite::OnInitSuccessful()	16	static
hidcomposite.h:95:25:virtual uint8_t HIDComposite::GetAddress()	16	static
hidcomposite.h:99:22:virtual bool HIDComposite::isReady()	16	static
hiduniversal.h:25:14:virtual bool HIDUniversal::SelectInterface(uint8_t, uint8_t)	16	static
hiduniversal.h:32:14:virtual void HIDUniversal::ParseHIDData(USBHID*, uint8_t, bool, uint8_t, uint8_t*)	40	static
hiduniversal.h:40:22:virtual void HIDUniversal::ParseHIDData(USBHID*, bool, uint8_t, uint8_t*)	24	static
hiduniversal.h:50:14:virtual void HIDUniversal::EndpointXtract(uint8_t, uint8_t, uint8_t, uint8_t, const USB_ENDPOINT_DESCRIPTOR*)	32	static
hiduniversal.cpp:20:9:virtual uint8_t HIDUniversal::Poll()	112	static
printhex.h:76:25:void D_PrintHex(T, int) [with T = unsigned char]	16	static
