Print.h:43:5:Print::Print()	16	static
avrpins.h:1283:1:static void P10::Set()	8	static
avrpins.h:1283:1:static void P10::Clear()	8	static
max_LCD.cpp:42:1:Max_LCD::Max_LCD(USB*)	16	static
max_LCD.cpp:46:6:void Max_LCD::init()	16	static
max_LCD.cpp:54:6:void Max_LCD::begin(uint8_t, uint8_t, uint8_t)	16	static
max_LCD.cpp:114:6:void Max_LCD::clear()	16	static
max_LCD.cpp:119:6:void Max_LCD::home()	16	static
max_LCD.cpp:124:6:void Max_LCD::setCursor(uint8_t, uint8_t)	40	static
max_LCD.cpp:135:6:void Max_LCD::noDisplay()	16	static
max_LCD.cpp:140:6:void Max_LCD::display()	16	static
max_LCD.cpp:147:6:void Max_LCD::noCursor()	16	static
max_LCD.cpp:152:6:void Max_LCD::cursor()	16	static
max_LCD.cpp:160:6:void Max_LCD::noBlink()	16	static
max_LCD.cpp:165:6:void Max_LCD::blink()	16	static
max_LCD.cpp:172:6:void Max_LCD::scrollDisplayLeft()	16	static
max_LCD.cpp:176:6:void Max_LCD::scrollDisplayRight()	16	static
max_LCD.cpp:182:6:void Max_LCD::leftToRight()	16	static
max_LCD.cpp:189:6:void Max_LCD::rightToLeft()	16	static
max_LCD.cpp:196:6:void Max_LCD::autoscroll()	16	static
max_LCD.cpp:203:6:void Max_LCD::noAutoscroll()	16	static
max_LCD.cpp:211:6:void Max_LCD::createChar(uint8_t, uint8_t*)	32	static
max_LCD.cpp:221:13:void Max_LCD::command(uint8_t)	16	static
max_LCD.cpp:228:15:virtual size_t Max_LCD::write(uint8_t)	16	static
max_LCD.cpp:239:6:void Max_LCD::sendbyte(uint8_t)	16	static
usbhost.h:269:6:void MAX3421e<SPI_SS, INTR>::gpioWr(uint8_t) [with SPI_SS = P10; INTR = P9]	16	static
usbhost.h:177:6:void MAX3421e<SPI_SS, INTR>::regWr(uint8_t, uint8_t) [with SPI_SS = P10; INTR = P9]	24	static
