../Arduino_libs/Print.h:43:5:Print::Print()	16	static
../Arduino_libs/Stream.h:53:5:Stream::Stream()	16	static
../USB_Host_Shield_2_0/BTD.h:320:16:int8_t BTD::registerBluetoothService(BluetoothService*)	24	static
../USB_Host_Shield_2_0/BTD.h:605:9:BluetoothService::BluetoothService(BTD*)	16	static
../USB_Host_Shield_2_0/BTD.h:638:14:bool BluetoothService::checkHciHandle(uint8_t*, uint16_t)	24	static
../USB_Host_Shield_2_0/SPP.h:88:14:virtual void SPP::flush()	16	static
../USB_Host_Shield_2_0/SPP.cpp:45:1:SPP::SPP(BTD*, const char*, const char*)	24	static
../USB_Host_Shield_2_0/SPP.cpp:60:6:virtual void SPP::Reset()	16	static
../USB_Host_Shield_2_0/SPP.cpp:72:6:virtual void SPP::disconnect()	32	static
../USB_Host_Shield_2_0/SPP.cpp:84:6:virtual void SPP::ACLData(uint8_t*)	48	static
../USB_Host_Shield_2_0/SPP.cpp:423:6:virtual void SPP::Run()	16	static
../USB_Host_Shield_2_0/SPP.cpp:433:6:virtual void SPP::onInit()	16	static
../USB_Host_Shield_2_0/SPP.cpp:442:6:void SPP::SDP_task()	32	static
../USB_Host_Shield_2_0/SPP.cpp:491:6:void SPP::RFCOMM_task()	32	static
../USB_Host_Shield_2_0/SPP.cpp:534:6:void SPP::SDP_Command(uint8_t*, uint8_t)	40	static
../USB_Host_Shield_2_0/SPP.cpp:538:6:void SPP::serviceNotSupported(uint8_t, uint8_t)	16	static
../USB_Host_Shield_2_0/SPP.cpp:555:6:void SPP::serialPortResponse1(uint8_t, uint8_t)	16	static
../USB_Host_Shield_2_0/SPP.cpp:617:6:void SPP::serialPortResponse2(uint8_t, uint8_t)	16	static
../USB_Host_Shield_2_0/SPP.cpp:668:6:void SPP::l2capResponse1(uint8_t, uint8_t)	16	static
../USB_Host_Shield_2_0/SPP.cpp:672:6:void SPP::l2capResponse2(uint8_t, uint8_t)	16	static
../USB_Host_Shield_2_0/SPP.cpp:679:6:void SPP::RFCOMM_Command(uint8_t*, uint8_t)	40	static
../USB_Host_Shield_2_0/SPP.cpp:683:6:void SPP::sendRfcomm(uint8_t, uint8_t, uint8_t, uint8_t, uint8_t, uint8_t*, uint8_t)	32	static
../USB_Host_Shield_2_0/SPP.cpp:701:6:void SPP::sendRfcommCredit(uint8_t, uint8_t, uint8_t, uint8_t, uint8_t, uint8_t)	16	static
../USB_Host_Shield_2_0/SPP.cpp:718:9:uint8_t SPP::crc(uint8_t*)	16	static
../USB_Host_Shield_2_0/SPP.cpp:723:9:uint8_t SPP::calcFcs(uint8_t*)	24	static
../USB_Host_Shield_2_0/SPP.cpp:732:6:bool SPP::checkFcs(uint8_t*, uint8_t)	32	static
../USB_Host_Shield_2_0/SPP.cpp:742:8:virtual size_t SPP::write(uint8_t)	16	static
../USB_Host_Shield_2_0/SPP.cpp:754:8:virtual size_t SPP::write(const uint8_t*, size_t)	32	static
../USB_Host_Shield_2_0/SPP.cpp:769:6:void SPP::send()	32	static
../USB_Host_Shield_2_0/SPP.cpp:797:5:virtual int SPP::available()	16	static
../USB_Host_Shield_2_0/SPP.cpp:801:6:void SPP::discard()	16	static
../USB_Host_Shield_2_0/SPP.cpp:805:5:virtual int SPP::peek()	16	static
../USB_Host_Shield_2_0/SPP.cpp:811:5:virtual int SPP::read()	40	static
