SPP.cpp:60:6:virtual void SPP::Reset()	0	static
SPP.cpp:433:6:virtual void SPP::onInit()	8	static
SPP.cpp:742:8:virtual size_t SPP::write(uint8_t)	16	static
SPP.cpp:797:5:virtual int SPP::available()	0	static
SPP.cpp:805:5:virtual int SPP::peek()	0	static
SPP.cpp:72:6:virtual void SPP::disconnect()	16	static
SPP.h:85:13:virtual int SPP::_ZThn24_N3SPP9availableEv()	0	static
SPP.cpp:45:1:SPP::SPP(BTD*, const char*, const char*)	24	static
SPP.cpp:442:6:void SPP::SDP_task()	32	static
SPP.cpp:491:6:void SPP::RFCOMM_task()	32	static
SPP.cpp:534:6:void SPP::SDP_Command(uint8_t*, uint8_t)	16	static
SPP.cpp:538:6:void SPP::serviceNotSupported(uint8_t, uint8_t)	8	static
SPP.cpp:555:6:void SPP::serialPortResponse1(uint8_t, uint8_t)	24	static
SPP.cpp:617:6:void SPP::serialPortResponse2(uint8_t, uint8_t)	16	static
SPP.cpp:668:6:void SPP::l2capResponse1(uint8_t, uint8_t)	8	static
SPP.cpp:672:6:void SPP::l2capResponse2(uint8_t, uint8_t)	8	static
SPP.cpp:679:6:void SPP::RFCOMM_Command(uint8_t*, uint8_t)	16	static
SPP.cpp:718:9:uint8_t SPP::crc(uint8_t*)	0	static
SPP.cpp:723:9:uint8_t SPP::calcFcs(uint8_t*)	8	static
SPP.cpp:683:6:void SPP::sendRfcomm(uint8_t, uint8_t, uint8_t, uint8_t, uint8_t, uint8_t*, uint8_t)	24	static
SPP.cpp:701:6:void SPP::sendRfcommCredit(uint8_t, uint8_t, uint8_t, uint8_t, uint8_t, uint8_t)	16	static
SPP.cpp:811:5:virtual int SPP::read()	32	static
SPP.cpp:732:6:bool SPP::checkFcs(uint8_t*, uint8_t)	16	static
SPP.cpp:84:6:virtual void SPP::ACLData(uint8_t*)	48	static
SPP.cpp:769:6:void SPP::send()	32	static
SPP.cpp:423:6:virtual void SPP::Run()	8	static
SPP.cpp:754:8:virtual size_t SPP::write(const uint8_t*, size_t)	24	static
SPP.h:88:14:virtual void SPP::flush()	8	static
SPP.h:88:14:virtual void SPP::_ZThn24_N3SPP5flushEv()	8	static
SPP.cpp:801:6:void SPP::discard()	0	static
