avrpins.h:1283:1:static void P10::Set()	8	static
avrpins.h:1283:1:static void P10::Clear()	8	static
UHS2_gpio.cpp:32:1:UHS2_GPIO::UHS2_GPIO(USB*)	16	static
UHS2_gpio.cpp:40:6:void UHS2_GPIO::digitalWrite(uint8_t, uint8_t)	24	static
UHS2_gpio.cpp:55:5:int UHS2_GPIO::digitalRead(uint8_t)	24	static
UHS2_gpio.cpp:68:5:int UHS2_GPIO::digitalReadOutput(uint8_t)	24	static
usbhost.h:397:9:uint8_t MAX3421e<SPI_SS, INTR>::gpioRdOutput() [with SPI_SS = P10; INTR = P9]	24	static
usbhost.h:269:6:void MAX3421e<SPI_SS, INTR>::gpioWr(uint8_t) [with SPI_SS = P10; INTR = P9]	16	static
usbhost.h:384:9:uint8_t MAX3421e<SPI_SS, INTR>::gpioRd() [with SPI_SS = P10; INTR = P9]	24	static
usbhost.h:278:9:uint8_t MAX3421e<SPI_SS, INTR>::regRd(uint8_t) [with SPI_SS = P10; INTR = P9]	24	static
usbhost.h:177:6:void MAX3421e<SPI_SS, INTR>::regWr(uint8_t, uint8_t) [with SPI_SS = P10; INTR = P9]	24	static
