UsbCore.h:141:25:virtual uint8_t USBDeviceConfig::ConfigureDevice(uint8_t, uint8_t, bool)	0	static
UsbCore.h:161:22:virtual bool USBDeviceConfig::VIDPIDOK(uint16_t, uint16_t)	0	static
UsbCore.h:169:22:virtual bool USBDeviceConfig::DEVSUBCLASSOK(uint8_t)	0	static
usbhub.h:199:25:virtual uint8_t USBHub::GetAddress()	0	static
usbhub.h:203:22:virtual bool USBHub::DEVCLASSOK(uint8_t)	0	static
usbhub.cpp:216:9:virtual uint8_t USBHub::Release()	8	static
usbhub.cpp:44:9:virtual uint8_t USBHub::Init(uint8_t, uint8_t, bool)	136	static
usbhub.cpp:309:6:virtual void USBHub::ResetHubPort(uint8_t)	72	static
usbhub.cpp:21:1:USBHub::USBHub(USB*)	8	static
usbhub.cpp:332:9:uint8_t USBHub::PortStatusChange(uint8_t, HubEvent&)	64	static
usbhub.cpp:242:9:uint8_t USBHub::CheckHubStatus()	96	static
usbhub.cpp:229:9:virtual uint8_t USBHub::Poll()	16	static
usbhub.cpp:378:6:void PrintHubPortStatus(USBHub*, uint8_t, uint8_t, bool)	56	static
