Wii.cpp:101:6:virtual void WII::Reset()	0	static
Wii.cpp:85:1:WII::WII(BTD*, bool)	16	static
Wii.cpp:624:6:void WII::L2CAP_task()	32	static
Wii.cpp:896:6:void WII::HID_Command(uint8_t*, uint8_t)	16	static
Wii.cpp:903:6:void WII::setAllOff()	8	static
Wii.cpp:909:6:void WII::setRumbleOff()	8	static
Wii.cpp:915:6:void WII::setRumbleOn()	8	static
Wii.cpp:921:6:void WII::setRumbleToggle()	8	static
Wii.cpp:927:6:void WII::setLedRaw(uint8_t)	8	static
Wii.cpp:933:6:void WII::setLedOff(LEDEnum)	8	static
Wii.cpp:939:6:void WII::setLedOn(LEDEnum)	8	static
Wii.cpp:949:6:void WII::setLedToggle(LEDEnum)	8	static
Wii.cpp:955:6:void WII::setLedStatus()	8	static
Wii.cpp:1139:6:virtual void WII::onInit()	8	static
Wii.cpp:974:6:void WII::setReportMode(bool, uint8_t)	16	static
Wii.cpp:133:6:virtual void WII::ACLData(uint8_t*)	56	static
Wii.cpp:990:6:void WII::statusRequest()	16	static
Wii.cpp:968:9:uint8_t WII::getBatteryLevel()	8	static
Wii.cpp:1002:6:void WII::writeData(uint32_t, uint8_t, uint8_t*)	40	static
Wii.cpp:1019:6:void WII::initExtension1()	16	static
Wii.cpp:116:6:virtual void WII::disconnect()	16	static
Wii.cpp:1025:6:void WII::initExtension2()	16	static
Wii.cpp:1031:6:void WII::initMotionPlus()	16	static
Wii.cpp:1037:6:void WII::activateMotionPlus()	16	static
Wii.cpp:1060:6:void WII::readData(uint32_t, uint16_t, bool)	16	static
Wii.cpp:1077:6:void WII::readExtensionType()	8	static
Wii.cpp:1081:6:void WII::readCalData()	8	static
Wii.cpp:1085:6:void WII::checkMotionPresent()	8	static
Wii.cpp:1089:6:void WII::readWiiBalanceBoardCalibration()	8	static
Wii.cpp:725:6:virtual void WII::Run()	32	static
Wii.cpp:1097:6:bool WII::getButtonPress(ButtonEnum)	0	static
Wii.cpp:1104:6:bool WII::getButtonClick(ButtonEnum)	0	static
Wii.cpp:1115:9:uint8_t WII::getAnalogHat(HatEnum)	0	static
Wii.cpp:1127:10:uint16_t WII::getAnalogHat(AnalogHatEnum)	0	static
Wii.cpp:1150:7:float WII::getWeight(BalanceBoardEnum)	0	static
Wii.cpp:1163:7:float WII::getTotalWeight()	16	static
