UsbCore.h:137:25:virtual uint8_t USBDeviceConfig::Init(uint8_t, uint8_t, bool)	16	static
UsbCore.h:141:25:virtual uint8_t USBDeviceConfig::ConfigureDevice(uint8_t, uint8_t, bool)	16	static
UsbCore.h:145:25:virtual uint8_t USBDeviceConfig::Release()	16	static
UsbCore.h:149:25:virtual uint8_t USBDeviceConfig::Poll()	16	static
UsbCore.h:153:25:virtual uint8_t USBDeviceConfig::GetAddress()	16	static
UsbCore.h:157:22:virtual void USBDeviceConfig::ResetHubPort(uint8_t)	16	static
UsbCore.h:161:22:virtual bool USBDeviceConfig::VIDPIDOK(uint16_t, uint16_t)	16	static
UsbCore.h:165:22:virtual bool USBDeviceConfig::DEVCLASSOK(uint8_t)	16	static
UsbCore.h:169:22:virtual bool USBDeviceConfig::DEVSUBCLASSOK(uint8_t)	16	static
UsbCore.h:226:22:AddressPool& USB::GetAddressPool()	16	static
UsbCore.h:230:17:uint8_t USB::RegisterDeviceClass(USBDeviceConfig*)	24	static
XBOXRECV.h:95:25:virtual uint8_t XBOXRECV::GetAddress()	16	static
XBOXRECV.h:103:22:virtual bool XBOXRECV::isReady()	16	static
XBOXRECV.h:113:22:virtual bool XBOXRECV::VIDPIDOK(uint16_t, uint16_t)	16	static
UsbCore.h:134:7:constexpr USBDeviceConfig::USBDeviceConfig()	16	static
XBOXRECV.cpp:25:1:XBOXRECV::XBOXRECV(USB*)	24	static
XBOXRECV.cpp:41:9:virtual uint8_t XBOXRECV::ConfigureDevice(uint8_t, uint8_t, bool)	80	static
XBOXRECV.cpp:138:9:virtual uint8_t XBOXRECV::Init(uint8_t, uint8_t, bool)	32	static
XBOXRECV.cpp:283:9:virtual uint8_t XBOXRECV::Release()	24	static
XBOXRECV.cpp:293:9:virtual uint8_t XBOXRECV::Poll()	40	static
XBOXRECV.cpp:330:6:void XBOXRECV::readReport(uint8_t)	16	static
XBOXRECV.cpp:395:6:void XBOXRECV::printReport(uint8_t, uint8_t)	16	static
XBOXRECV.cpp:410:9:uint8_t XBOXRECV::getButtonPress(ButtonEnum, uint8_t)	16	static
XBOXRECV.cpp:418:6:bool XBOXRECV::getButtonClick(ButtonEnum, uint8_t)	24	static
XBOXRECV.cpp:438:9:int16_t XBOXRECV::getAnalogHat(AnalogHatEnum, uint8_t)	16	static
XBOXRECV.cpp:442:6:bool XBOXRECV::buttonChanged(uint8_t)	24	static
XBOXRECV.cpp:467:9:uint8_t XBOXRECV::getBatteryLevel(uint8_t)	16	static
XBOXRECV.cpp:471:6:void XBOXRECV::XboxCommand(uint8_t, uint8_t*, uint16_t)	48	static
XBOXRECV.cpp:498:6:void XBOXRECV::disconnect(uint8_t)	16	static
XBOXRECV.cpp:507:6:void XBOXRECV::setLedRaw(uint8_t, uint8_t)	16	static
XBOXRECV.cpp:516:6:void XBOXRECV::setLedOn(LEDEnum, uint8_t)	16	static
XBOXRECV.cpp:523:6:void XBOXRECV::setLedBlink(LEDEnum, uint8_t)	16	static
XBOXRECV.cpp:527:6:void XBOXRECV::setLedMode(LEDModeEnum, uint8_t)	16	static
XBOXRECV.cpp:535:6:void XBOXRECV::checkStatus()	24	static
XBOXRECV.cpp:557:6:void XBOXRECV::setRumbleOn(uint8_t, uint8_t, uint8_t)	16	static
XBOXRECV.cpp:569:6:void XBOXRECV::onInit(uint8_t)	24	static
