c:\st\stm32cubeide_1.10.1\stm32cubeide\plugins\com.st.stm32cube.ide.mcu.externaltools.gnu-tools-for-stm32.10.3-2021.10.win32_1.0.0.202111181127\tools\arm-none-eabi\include\c++\10.3.1\cmath:592:3:constexpr bool std::isinf(double)	32	static
c:\st\stm32cubeide_1.10.1\stm32cubeide\plugins\com.st.stm32cube.ide.mcu.externaltools.gnu-tools-for-stm32.10.3-2021.10.win32_1.0.0.202111181127\tools\arm-none-eabi\include\c++\10.3.1\cmath:619:3:constexpr bool std::isnan(double)	24	static
../Arduino_libs/WString.h:81:22:unsigned int String::length() const	16	static
../Arduino_libs/WString.h:163:15:const char* String::c_str() const	16	static
../Arduino_libs/Print.h:49:12:size_t Print::write(const char*)	24	static
../Arduino_libs/Print.h:54:12:size_t Print::write(const char*, size_t)	24	static
../Arduino_libs/Print.cpp:33:8:virtual size_t Print::write(const uint8_t*, size_t)	32	static
../Arduino_libs/Print.cpp:42:8:size_t Print::print(const __FlashStringHelper*)	16	static
../Arduino_libs/Print.cpp:47:8:size_t Print::print(const String&)	24	static
../Arduino_libs/Print.cpp:52:8:size_t Print::print(const char*)	16	static
../Arduino_libs/Print.cpp:57:8:size_t Print::print(char)	16	static
../Arduino_libs/Print.cpp:62:8:size_t Print::print(unsigned char, int)	24	static
../Arduino_libs/Print.cpp:67:8:size_t Print::print(int, int)	24	static
../Arduino_libs/Print.cpp:72:8:size_t Print::print(unsigned int, int)	24	static
../Arduino_libs/Print.cpp:77:8:size_t Print::print(long int, int)	32	static
../Arduino_libs/Print.cpp:93:8:size_t Print::print(long unsigned int, int)	24	static
../Arduino_libs/Print.cpp:99:8:size_t Print::print(double, int)	24	static
../Arduino_libs/Print.cpp:104:8:size_t Print::println(const __FlashStringHelper*)	24	static
../Arduino_libs/Print.cpp:111:8:size_t Print::print(const Printable&)	16	static
../Arduino_libs/Print.cpp:116:8:size_t Print::println()	16	static
../Arduino_libs/Print.cpp:121:8:size_t Print::println(const String&)	24	static
../Arduino_libs/Print.cpp:128:8:size_t Print::println(const char*)	24	static
../Arduino_libs/Print.cpp:135:8:size_t Print::println(char)	24	static
../Arduino_libs/Print.cpp:142:8:size_t Print::println(unsigned char, int)	32	static
../Arduino_libs/Print.cpp:149:8:size_t Print::println(int, int)	32	static
../Arduino_libs/Print.cpp:156:8:size_t Print::println(unsigned int, int)	32	static
../Arduino_libs/Print.cpp:163:8:size_t Print::println(long int, int)	32	static
../Arduino_libs/Print.cpp:170:8:size_t Print::println(long unsigned int, int)	32	static
../Arduino_libs/Print.cpp:177:8:size_t Print::println(double, int)	32	static
../Arduino_libs/Print.cpp:184:8:size_t Print::println(const Printable&)	24	static
../Arduino_libs/Print.cpp:193:8:size_t Print::printNumber(long unsigned int, uint8_t)	72	static
../Arduino_libs/Print.cpp:212:8:size_t Print::printFloat(double, uint8_t)	72	static
