Print.cpp:33:8:virtual size_t Print::write(const uint8_t*, size_t)	24	static
Print.cpp:47:8:size_t Print::print(const String&)	8	static
Print.cpp:52:8:size_t Print::print(const char*)	16	static
Print.cpp:42:8:size_t Print::print(const __FlashStringHelper*)	8	static
Print.cpp:57:8:size_t Print::print(char)	8	static
Print.cpp:111:8:size_t Print::print(const Printable&)	8	static
Print.cpp:116:8:size_t Print::println()	8	static
Print.cpp:104:8:size_t Print::println(const __FlashStringHelper*)	16	static
Print.cpp:121:8:size_t Print::println(const String&)	16	static
Print.cpp:128:8:size_t Print::println(const char*)	16	static
Print.cpp:135:8:size_t Print::println(char)	16	static
Print.cpp:184:8:size_t Print::println(const Printable&)	16	static
Print.cpp:193:8:size_t Print::printNumber(long unsigned int, uint8_t)	56	static
Print.cpp:77:8:size_t Print::print(long int, int)	16	static
Print.cpp:67:8:size_t Print::print(int, int)	8	static
Print.cpp:163:8:size_t Print::println(long int, int)	16	static
Print.cpp:149:8:size_t Print::println(int, int)	16	static
Print.cpp:93:8:size_t Print::print(long unsigned int, int)	8	static
Print.cpp:62:8:size_t Print::print(unsigned char, int)	8	static
Print.cpp:72:8:size_t Print::print(unsigned int, int)	8	static
Print.cpp:170:8:size_t Print::println(long unsigned int, int)	16	static
Print.cpp:156:8:size_t Print::println(unsigned int, int)	16	static
Print.cpp:142:8:size_t Print::println(unsigned char, int)	16	static
Print.cpp:212:8:size_t Print::printFloat(double, uint8_t)	40	static
Print.cpp:99:8:size_t Print::print(double, int)	8	static
Print.cpp:177:8:size_t Print::println(double, int)	16	static
