Stream.cpp:32:5:int Stream::timedRead()	8	static
Stream.cpp:44:5:int Stream::timedPeek()	8	static
Stream.cpp:57:5:int Stream::peekNextDigit()	8	static
Stream.cpp:72:6:void Stream::setTimeout(long unsigned int)	0	static
Stream.cpp:121:6:long int Stream::parseInt(char)	24	static
Stream.cpp:114:6:long int Stream::parseInt()	8	static
Stream.cpp:158:7:float Stream::parseFloat(char)	40	static
Stream.cpp:151:7:float Stream::parseFloat()	8	static
Stream.cpp:200:8:size_t Stream::readBytes(char*, size_t)	24	static
Stream.cpp:217:8:size_t Stream::readBytesUntil(char, char*, size_t)	24	static
Stream.cpp:230:8:String Stream::readString()	16	static
Stream.cpp:242:8:String Stream::readStringUntil(char)	24	static
Stream.cpp:254:5:int Stream::findMulti(Stream::MultiTarget*, int)	40	static
Stream.cpp:99:6:bool Stream::findUntil(char*, size_t, char*, size_t)	32	static
Stream.cpp:78:7:bool Stream::find(char*)	24	static
Stream.cpp:85:6:bool Stream::find(char*, size_t)	16	static
Stream.cpp:91:7:bool Stream::findUntil(char*, char*)	32	static
